// Jest Snapshot v1, https://goo.gl/fbAQLP

exports[`Card component matches snapshot 1`] = `
<DocumentFragment>
  <div
    class="card false"
  >
    <div
      class="card__header"
    >
      <img
        alt="Phone"
        class="image"
        src="prime.svg"
      />
      <h3
        class="title"
      >
        Falemais 120
      </h3>
    </div>
    <div
      class="section"
    >
      <div
        class="section__item"
      >
        <svg
          class="section__icon section__icon--include"
          role="presentation"
          viewBox="0 0 24 24"
        >
          <path
            d="M9,20.42L2.79,14.21L5.62,11.38L9,14.77L18.88,4.88L21.71,7.71L9,20.42Z"
          />
        </svg>
        <p
          class="section__text"
        >
          Ligações locais gratuitas
        </p>
      </div>
      <div
        class="section__item"
      >
        <svg
          class="section__icon section__icon--include"
          role="presentation"
          viewBox="0 0 24 24"
        >
          <path
            d="M9,20.42L2.79,14.21L5.62,11.38L9,14.77L18.88,4.88L21.71,7.71L9,20.42Z"
          />
        </svg>
        <p
          class="section__text"
        >
          Ligações para mesma operadora sem custo
        </p>
      </div>
      <div
        class="section__item"
      >
        <svg
          class="section__icon section__icon--exclude"
          role="presentation"
          viewBox="0 0 24 24"
        >
          <path
            d="M19,6.41L17.59,5L12,10.59L6.41,5L5,6.41L10.59,12L5,17.59L6.41,19L12,13.41L17.59,19L19,17.59L13.41,12L19,6.41Z"
          />
        </svg>
        <p
          class="section__text"
        >
          Ligações entre 00:00 e 06:00 com 50% de desconto
        </p>
      </div>
      <div
        class="section__item"
      >
        <svg
          class="section__icon section__icon--exclude"
          role="presentation"
          viewBox="0 0 24 24"
        >
          <path
            d="M19,6.41L17.59,5L12,10.59L6.41,5L5,6.41L10.59,12L5,17.59L6.41,19L12,13.41L17.59,19L19,17.59L13.41,12L19,6.41Z"
          />
        </svg>
        <p
          class="section__text"
        >
          Ligações em feriado com 20% de desconto
        </p>
      </div>
    </div>
    <div
      class="price"
    >
      <div
        class="price__section"
        data-testid="pricewithdiscount-1"
      >
        <h3
          class="price__number"
        >
          167,20
        </h3>
        <h4
          class="price__text"
        >
          /mês
        </h4>
      </div>
    </div>
    <div
      class="button false"
    >
      <p
        class="button__text false"
      >
        Contratar
      </p>
    </div>
  </div>
</DocumentFragment>
`;
