// Jest Snapshot v1, https://goo.gl/fbAQLP

exports[`Card component matches snapshot 1`] = `
<DocumentFragment>
  <div
    class="card false"
  >
    <div
      class="card__header"
    >
      <img
        alt="Phone"
        class="image"
        src="prime.svg"
      />
      <h3
        class="title"
      >
        Falemais 120
      </h3>
    </div>
    <div
      class="section"
    >
      <div
        class="section__item"
      >
        <svg
          class="section__icon section__icon--include"
          role="presentation"
          viewBox="0 0 24 24"
        >
          <path
            d="M9,20.42L2.79,14.21L5.62,11.38L9,14.77L18.88,4.88L21.71,7.71L9,20.42Z"
          />
        </svg>
        <p
          class="section__text"
        >
          Fale até 120 minutos sem pagar nada
        </p>
      </div>
    </div>
    <div
      class="price"
    >
      <div
        class="price__section"
        data-testid="pricewithoutdiscount-1"
      >
        <s
          class="price__number--disabled"
        >
          380,00
        </s>
        <s
          class="price__text--disabled"
        >
          /mês
        </s>
      </div>
      <div
        class="price__section"
        data-testid="pricewithdiscount-1"
      >
        <h3
          class="price__number"
        >
          167,20
        </h3>
        <h4
          class="price__text"
        >
          /mês
        </h4>
      </div>
    </div>
    <div
      class="button false"
    >
      <p
        class="button__text false"
      >
        Contratar
      </p>
    </div>
  </div>
</DocumentFragment>
`;
